[
  [
    "packages/angular_devkit/build_angular/src/utils/bundle-calculator.ts",
    "packages/angular_devkit/build_angular/src/webpack/utils/stats.ts"
  ]
]
